[shoumiksaha.github.io/index.html]
[shoumiksaha.github.io/img/favicon.png]
[backblue.gif]
[fade.gif]
[index.html]
[shoumiksaha.github.io/vendor/bootstrap/css/bootstrap.min.css]
[kit.fontawesome.com/dae7af0921.js]
[shoumiksaha.github.io/vendor/academicons/css/academicons.min.css]
[shoumiksaha.github.io/css/resume.css]
[shoumiksaha.github.io/img/profile_pic2.jpg]
[shoumiksaha.github.io/files/Shoumik_CV.pdf]
[shoumiksaha.github.io/sounds/own name.aac]
[shoumiksaha.github.io/files/papers/Malign_arxiv.pdf]
[shoumiksaha.github.io/img/malign.jpg]
[shoumiksaha.github.io/img/ppg af.jpg]
[shoumiksaha.github.io/photography/deer.jpg]
[shoumiksaha.github.io/photography/sarus.jpg]
[shoumiksaha.github.io/photography/buet_exh.jpg]
[shoumiksaha.github.io/photography/tiger.jpg]
[shoumiksaha.github.io/photography/ndc_exh.jpg]
[shoumiksaha.github.io/photography/masjid.jpg]
[shoumiksaha.github.io/travelling/kedar.jpg]
[shoumiksaha.github.io/travelling/sikkim_1.jpg]
[shoumiksaha.github.io/travelling/para.jpg]
[shoumiksaha.github.io/travelling/thailand.jpg]
[shoumiksaha.github.io/travelling/coxs.jpg]
[shoumiksaha.github.io/travelling/poonhill.jpg]
[shoumiksaha.github.io/travelling/family.jpg]
[shoumiksaha.github.io/travelling/sikkim_2.jpg]
[shoumiksaha.github.io/travelling/kashmir.jpg]
[shoumiksaha.github.io/vendor/jquery/jquery.min.js]
[shoumiksaha.github.io/vendor/bootstrap/js/bootstrap.bundle.min.js]
[shoumiksaha.github.io/vendor/jquery-easing/jquery.easing.min.js]
[shoumiksaha.github.io/js/resume.js]
[shoumiksaha.github.io/vendor/typed/typed.js]
[shoumiksaha.github.io/index.html]
[shoumiksaha.github.io/vendor/bootstrap/css/bootstrap.min.css]
[shoumiksaha.github.io/vendor/academicons/fonts/academicons7538.eot]
[shoumiksaha.github.io/vendor/academicons/fonts/academicons7538.ttf]
[shoumiksaha.github.io/vendor/academicons/fonts/academicons7538.woff]
[shoumiksaha.github.io/vendor/academicons/css/academicons.min.css]
[shoumiksaha.github.io/css/resume.css]
[shoumiksaha.github.io/vendor/academicons/fonts/academicons7538.svg]
[shoumiksaha.github.io/vendor/academicons/fonts/academicons7538.svg]
